
> aksara@0.0.0 build
> tsc -b && vite build

src/components/admin/DocumentTable.tsx(8,3): error TS6133: 'SlidersHorizontal' is declared but its value is never read.
src/components/admin/DocumentTable.tsx(9,3): error TS6133: 'ArrowDownUp' is declared but its value is never read.
src/components/admin/DocumentTable.tsx(10,3): error TS6133: 'ChevronDown' is declared but its value is never read.
src/components/admin/DocumentTable.tsx(11,3): error TS6133: 'ChevronLeft' is declared but its value is never read.
src/components/admin/DocumentTable.tsx(12,3): error TS6133: 'ChevronRight' is declared but its value is never read.
